
> shipany-template-two@1.2.0 build D:\AIsoftware\linkflow\shunlink_base
> next build

   鈻?Next.js 15.5.12
   - Environments: .env.local
   - Experiments (use with caution):
     鉁?mdxRs

[MDX] updated map file in 214.01260000000002ms
   Creating an optimized production build ...
 鉁?Compiled successfully in 60s
   Skipping validation of types
   Skipping linting
   Collecting page data ...
node.exe : The `fetchConnectionCache` option is deprecated (now always `true`)
所在位置 C:\Users\honor\AppData\Roaming\npm\pnpm.ps1:24 字符: 5
+     & "node$exe"  "$basedir/node_modules/pnpm/bin/pnpm.cjs" $args
+     ~~~~~~~~~~~~~~~~~~~~~~~~~~~~~~~~~~~~~~~~~~~~~~~~~~~~~~~~~~~~~
    + CategoryInfo          : NotSpecified: (The `fetchConne... always `true`):String) [], RemoteException
    + FullyQualifiedErrorId : NativeCommandError
 
The `fetchConnectionCache` option is deprecated (now always `true`)
The `fetchConnectionCache` option is deprecated (now always `true`)
The `fetchConnectionCache` option is deprecated (now always `true`)
The `fetchConnectionCache` option is deprecated (now always `true`)
The `fetchConnectionCache` option is deprecated (now always `true`)
The `fetchConnectionCache` option is deprecated (now always `true`)
The `fetchConnectionCache` option is deprecated (now always `true`)
The `fetchConnectionCache` option is deprecated (now always `true`)
The `fetchConnectionCache` option is deprecated (now always `true`)
The `fetchConnectionCache` option is deprecated (now always `true`)
 鈿?Using edge runtime on a page currently disables static generation for that page
   Generating static pages (0/10) ...
The `fetchConnectionCache` option is deprecated (now always `true`)
   Generating static pages (2/10) 
   Generating static pages (4/10) 
   Generating static pages (7/10) 
 鉁?Generating static pages (10/10)
   Finalizing page optimization ...
   Collecting build traces ...

Route (app)                                           Size  First Load JS
鈹?茠 /_not-found                                      288 B         103 kB
鈹?茠 /[locale]                                      2.23 kB         888 kB
鈹?茠 /[locale]/[slug]                               2.23 kB         888 kB
鈹?茠 /[locale]/about                                1.78 kB         104 kB
鈹?茠 /[locale]/activity                               288 B         103 kB
鈹?茠 /[locale]/activity/feedbacks                     288 B         103 kB
鈹?茠 /[locale]/activity/media-tasks                   288 B         103 kB
鈹?茠 /[locale]/admin                                1.97 kB         122 kB
鈹?茠 /[locale]/admin/apikeys                          189 B         836 kB
鈹?茠 /[locale]/admin/categories                       189 B         836 kB
鈹?茠 /[locale]/admin/categories/[id]/edit           2.05 kB         860 kB
鈹?茠 /[locale]/admin/categories/add                 2.05 kB         860 kB
鈹?茠 /[locale]/admin/credits                          189 B         836 kB
鈹?茠 /[locale]/admin/no-permission                    288 B         103 kB
鈹?茠 /[locale]/admin/payment-diagnostic             9.07 kB         125 kB
鈹?茠 /[locale]/admin/payments                         189 B         836 kB
鈹?茠 /[locale]/admin/permissions                      189 B         836 kB
鈹?茠 /[locale]/admin/posts                            189 B         836 kB
鈹?茠 /[locale]/admin/posts/[id]/edit                2.05 kB         860 kB
鈹?茠 /[locale]/admin/posts/add                      2.05 kB         860 kB
鈹?茠 /[locale]/admin/roles                            189 B         836 kB
鈹?茠 /[locale]/admin/roles/[id]/edit                2.05 kB         860 kB
鈹?茠 /[locale]/admin/roles/[id]/edit-permissions    2.05 kB         860 kB
鈹?茠 /[locale]/admin/settings/[tab]                 2.05 kB         860 kB
鈹?茠 /[locale]/admin/subscriptions                    189 B         836 kB
鈹?茠 /[locale]/admin/users                            189 B         836 kB
鈹?茠 /[locale]/admin/users/[id]/edit                2.05 kB         860 kB
鈹?茠 /[locale]/admin/users/[id]/edit-roles          2.05 kB         860 kB
鈹?茠 /[locale]/ai-audio-generator                    4.7 kB         820 kB
鈹?茠 /[locale]/ai-chatbot                            4.7 kB         820 kB
鈹?茠 /[locale]/ai-image-generator                     195 B         908 kB
鈹?茠 /[locale]/ai-media-extractor                     288 B         103 kB
鈹?茠 /[locale]/ai-music-generator                     194 B         908 kB
鈹?茠 /[locale]/ai-video-generator                    4.7 kB         820 kB
鈹?茠 /[locale]/blog                                 2.23 kB         888 kB
鈹?茠 /[locale]/blog/[slug]                          2.23 kB         888 kB
鈹?茠 /[locale]/blog/category/[slug]                 2.23 kB         888 kB
鈹?茠 /[locale]/contact                                288 B         103 kB
鈹?茠 /[locale]/dashboard                             127 kB         259 kB
鈹?茠 /[locale]/dashboard/tasks                      9.45 kB         154 kB
鈹?茠 /[locale]/disclaimer                             288 B         103 kB
鈹?鈼?/[locale]/docs/[[...slug]]                     10.1 kB         133 kB
鈹?  鈹?/en/docs
鈹?  鈹?/zh/docs
鈹?  鈹?/fr/docs
鈹?茠 /[locale]/faq                                  5.19 kB         121 kB
鈹?茠 /[locale]/no-permission                          288 B         103 kB
鈹?茠 /[locale]/payment/cancel                       3.43 kB         154 kB
鈹?茠 /[locale]/payment/success                      5.45 kB         156 kB
鈹?茠 /[locale]/platforms                              165 B         106 kB
鈹?茠 /[locale]/pricing                              2.23 kB         888 kB
鈹?茠 /[locale]/privacy-policy                         288 B         103 kB
鈹?茠 /[locale]/settings                             1.97 kB         122 kB
鈹?茠 /[locale]/settings/apikeys                       446 B         813 kB
鈹?茠 /[locale]/settings/apikeys/[id]/delete         1.31 kB         846 kB
鈹?茠 /[locale]/settings/apikeys/[id]/edit           1.31 kB         846 kB
鈹?茠 /[locale]/settings/apikeys/create              1.31 kB         846 kB
鈹?茠 /[locale]/settings/billing                       446 B         813 kB
鈹?茠 /[locale]/settings/billing/cancel              1.31 kB         846 kB
鈹?茠 /[locale]/settings/billing/retrieve              421 B         809 kB
鈹?茠 /[locale]/settings/credits                       446 B         813 kB
鈹?茠 /[locale]/settings/invoices/retrieve             421 B         809 kB
鈹?茠 /[locale]/settings/payments                      446 B         813 kB
鈹?茠 /[locale]/settings/profile                     1.31 kB         846 kB
鈹?茠 /[locale]/settings/security                      421 B         809 kB
鈹?茠 /[locale]/shipany                              12.3 kB         174 kB
鈹?茠 /[locale]/showcases                            2.23 kB         888 kB
鈹?茠 /[locale]/sign-in                              4.01 kB         633 kB
鈹?茠 /[locale]/sign-up                              4.57 kB         634 kB
鈹?茠 /[locale]/soloboard                            17.4 kB         225 kB
鈹?茠 /[locale]/soloboard/[siteId]                   10.9 kB         191 kB
鈹?茠 /[locale]/terms-of-service                       288 B         103 kB
鈹?茠 /[locale]/test                                   288 B         103 kB
鈹?茠 /[locale]/test-payment                         5.07 kB         116 kB
鈹?茠 /admin/dashboard                               6.45 kB         135 kB
鈹?茠 /ads.txt                                         288 B         103 kB
鈹?茠 /api/admin/check-payment-status                  288 B         103 kB
鈹?茠 /api/admin/dashboard                           1.97 kB         122 kB
鈹?茠 /api/admin/fix-payment                           288 B         103 kB
鈹?茠 /api/admin/trigger-webhook                       288 B         103 kB
鈹?茠 /api/admin/users                                 288 B         103 kB
鈹?茠 /api/admin/users/[userId]                        288 B         103 kB
鈹?茠 /api/auth/[...all]                               288 B         103 kB
鈹?茠 /api/backlink/platforms                          288 B         103 kB
鈹?茠 /api/backlink/tasks                              288 B         103 kB
鈹?茠 /api/backlink/tasks/[id]                         288 B         103 kB
鈹?茠 /api/backlink/tasks/[id]/refund                  288 B         103 kB
鈹?茠 /api/backlink/tasks/[id]/submit-2fa              288 B         103 kB
鈹?茠 /api/config/get-configs                          288 B         103 kB
鈹?茠 /api/cron/check-alerts                           288 B         103 kB
鈹?茠 /api/cron/cost-alerts-check                      288 B         103 kB
鈹?茠 /api/cron/dead-man-switch-check                  288 B         103 kB
鈹?茠 /api/cron/store-metrics                          288 B         103 kB
鈹?茠 /api/cron/sync-sites                             288 B         103 kB
鈹?茠 /api/docs/search                                 288 B         103 kB
鈹?茠 /api/email/send-email                            288 B         103 kB
鈹?茠 /api/og                                          288 B         103 kB
鈹?茠 /api/payment/callback                            288 B         103 kB
鈹?茠 /api/payment/checkout                            288 B         103 kB
鈹?茠 /api/payment/create                              288 B         103 kB
鈹?茠 /api/payment/notify/[provider]                   288 B         103 kB
鈹?茠 /api/payment/notify/alipay                       288 B         103 kB
鈹?茠 /api/payment/notify/creem                        288 B         103 kB
鈹?茠 /api/payment/notify/paypal                       288 B         103 kB
鈹?茠 /api/payment/order/[orderId]                     288 B         103 kB
鈹?茠 /api/projects                                    288 B         103 kB
鈹?茠 /api/soloboard/alerts/history                    288 B         103 kB
鈹?茠 /api/soloboard/alerts/rules                      288 B         103 kB
鈹?茠 /api/soloboard/alerts/rules/[ruleId]             288 B         103 kB
鈹?茠 /api/soloboard/dashboard                         288 B         103 kB
鈹?茠 /api/soloboard/probe                             288 B         103 kB
鈹?茠 /api/soloboard/sites                             288 B         103 kB
鈹?茠 /api/soloboard/sites/[siteId]                    288 B         103 kB
鈹?茠 /api/soloboard/sites/[siteId]/export             288 B         103 kB
鈹?茠 /api/soloboard/sites/[siteId]/history            288 B         103 kB
鈹?茠 /api/soloboard/sites/[siteId]/metrics            288 B         103 kB
鈹?茠 /api/soloboard/sites/[siteId]/sync               288 B         103 kB
鈹?茠 /api/soloboard/sites/[siteId]/sync-stream        288 B         103 kB
鈹?茠 /api/soloboard/sites/[siteId]/test-connection    288 B         103 kB
鈹?茠 /api/soloboard/sites/[siteId]/tracking-script    288 B         103 kB
鈹?茠 /api/soloboard/sites/batch                       288 B         103 kB
鈹?茠 /api/storage/upload-image                        288 B         103 kB
鈹?茠 /api/subscription/[subscriptionId]               288 B         103 kB
鈹?茠 /api/track                                       288 B         103 kB
鈹?茠 /api/user/get-user-credits                       288 B         103 kB
鈹?茠 /api/user/get-user-info                        1.97 kB         122 kB
鈹?茠 /api/user/grant-free-credits                     288 B         103 kB
鈹?茠 /api/user/me                                     288 B         103 kB
鈹?茠 /api/webhooks/creem                              288 B         103 kB
鈹?鈼?/robots.txt                                      288 B         103 kB
鈹?鈼?/sitemap.xml                                     288 B         103 kB
+ First Load JS shared by all                       102 kB
  鈹?chunks/3dd8cbfa-df492a50fb420be4.js            54.2 kB
  鈹?chunks/5950-392f92dcd0c147ca.js                45.9 kB
  鈹?other shared chunks (total)                    2.33 kB


茠 Middleware                                       45.8 kB

鈼? (Static)   prerendered as static content
鈼? (SSG)      prerendered as static HTML (uses generateStaticParams)
茠  (Dynamic)  server-rendered on demand

